// Jest Snapshot v1, https://goo.gl/fbAQLP

exports[`Scoreboard test cases Scoreboard renders correctly 1`] = `
<DocumentFragment>
  <div
    class="css-1gexv9m"
  >
    <div
      class="css-d2q1pa"
    >
      000
    </div>
    <select
      class="css-55qvia"
    >
      <option
        class="css-zcmdxr"
        value="beginner"
      >
        beginner
      </option>
      <option
        class="css-zcmdxr"
        value="intermediate"
      >
        intermediate
      </option>
      <option
        class="css-zcmdxr"
        value="expert"
      >
        expert
      </option>
    </select>
    <button
      class="css-1bva717"
    >
      ðŸ™‚
    </button>
    <div
      class="css-d2q1pa"
    >
      010
    </div>
  </div>
</DocumentFragment>
`;
