// Jest Snapshot v1, https://goo.gl/fbAQLP

exports[`Toggle button check Toggle render check 1`] = `
<DocumentFragment>
  <button
    class="css-2ly8m7"
  >
    Stop/Start
  </button>
</DocumentFragment>
`;
