// Jest Snapshot v1, https://goo.gl/fbAQLP

exports[`Cellular Automation Field test cases Field fragment check 1`] = `
<DocumentFragment>
  <section>
    <canvas
      height="1200"
      width="1200"
    />
  </section>
</DocumentFragment>
`;
